Archive member included to satisfy reference by file (symbol)

/Applications/STM32CubeIDE.app/Contents/Eclipse/plugins/com.st.stm32cube.ide.mcu.externaltools.gnu-tools-for-stm32.11.3.rel1.macos64_1.1.0.202305231506/tools/bin/../lib/gcc/arm-none-eabi/11.3.1/../../../../arm-none-eabi/lib/thumb/v7e-m+fp/hard/libc_nano.a(libc_a-exit.o)
                              /Applications/STM32CubeIDE.app/Contents/Eclipse/plugins/com.st.stm32cube.ide.mcu.externaltools.gnu-tools-for-stm32.11.3.rel1.macos64_1.1.0.202305231506/tools/bin/../lib/gcc/arm-none-eabi/11.3.1/../../../../arm-none-eabi/lib/thumb/v7e-m+fp/hard/crt0.o (exit)
/Applications/STM32CubeIDE.app/Contents/Eclipse/plugins/com.st.stm32cube.ide.mcu.externaltools.gnu-tools-for-stm32.11.3.rel1.macos64_1.1.0.202305231506/tools/bin/../lib/gcc/arm-none-eabi/11.3.1/../../../../arm-none-eabi/lib/thumb/v7e-m+fp/hard/libc_nano.a(libc_a-findfp.o)
                              /Applications/STM32CubeIDE.app/Contents/Eclipse/plugins/com.st.stm32cube.ide.mcu.externaltools.gnu-tools-for-stm32.11.3.rel1.macos64_1.1.0.202305231506/tools/bin/../lib/gcc/arm-none-eabi/11.3.1/../../../../arm-none-eabi/lib/thumb/v7e-m+fp/hard/libc_nano.a(libc_a-exit.o) (__stdio_exit_handler)
/Applications/STM32CubeIDE.app/Contents/Eclipse/plugins/com.st.stm32cube.ide.mcu.externaltools.gnu-tools-for-stm32.11.3.rel1.macos64_1.1.0.202305231506/tools/bin/../lib/gcc/arm-none-eabi/11.3.1/../../../../arm-none-eabi/lib/thumb/v7e-m+fp/hard/libc_nano.a(libc_a-fwalk.o)
                              /Applications/STM32CubeIDE.app/Contents/Eclipse/plugins/com.st.stm32cube.ide.mcu.externaltools.gnu-tools-for-stm32.11.3.rel1.macos64_1.1.0.202305231506/tools/bin/../lib/gcc/arm-none-eabi/11.3.1/../../../../arm-none-eabi/lib/thumb/v7e-m+fp/hard/libc_nano.a(libc_a-findfp.o) (_fwalk_sglue)
/Applications/STM32CubeIDE.app/Contents/Eclipse/plugins/com.st.stm32cube.ide.mcu.externaltools.gnu-tools-for-stm32.11.3.rel1.macos64_1.1.0.202305231506/tools/bin/../lib/gcc/arm-none-eabi/11.3.1/../../../../arm-none-eabi/lib/thumb/v7e-m+fp/hard/libc_nano.a(libc_a-memset.o)
                              /Applications/STM32CubeIDE.app/Contents/Eclipse/plugins/com.st.stm32cube.ide.mcu.externaltools.gnu-tools-for-stm32.11.3.rel1.macos64_1.1.0.202305231506/tools/bin/../lib/gcc/arm-none-eabi/11.3.1/../../../../arm-none-eabi/lib/thumb/v7e-m+fp/hard/crt0.o (memset)
/Applications/STM32CubeIDE.app/Contents/Eclipse/plugins/com.st.stm32cube.ide.mcu.externaltools.gnu-tools-for-stm32.11.3.rel1.macos64_1.1.0.202305231506/tools/bin/../lib/gcc/arm-none-eabi/11.3.1/../../../../arm-none-eabi/lib/thumb/v7e-m+fp/hard/libc_nano.a(libc_a-impure.o)
                              /Applications/STM32CubeIDE.app/Contents/Eclipse/plugins/com.st.stm32cube.ide.mcu.externaltools.gnu-tools-for-stm32.11.3.rel1.macos64_1.1.0.202305231506/tools/bin/../lib/gcc/arm-none-eabi/11.3.1/../../../../arm-none-eabi/lib/thumb/v7e-m+fp/hard/libc_nano.a(libc_a-findfp.o) (_impure_data)
/Applications/STM32CubeIDE.app/Contents/Eclipse/plugins/com.st.stm32cube.ide.mcu.externaltools.gnu-tools-for-stm32.11.3.rel1.macos64_1.1.0.202305231506/tools/bin/../lib/gcc/arm-none-eabi/11.3.1/../../../../arm-none-eabi/lib/thumb/v7e-m+fp/hard/libc_nano.a(libc_a-errno.o)
                              ./Core/Src/syscalls.o (__errno)
/Applications/STM32CubeIDE.app/Contents/Eclipse/plugins/com.st.stm32cube.ide.mcu.externaltools.gnu-tools-for-stm32.11.3.rel1.macos64_1.1.0.202305231506/tools/bin/../lib/gcc/arm-none-eabi/11.3.1/../../../../arm-none-eabi/lib/thumb/v7e-m+fp/hard/libc_nano.a(libc_a-init.o)
                              /Applications/STM32CubeIDE.app/Contents/Eclipse/plugins/com.st.stm32cube.ide.mcu.externaltools.gnu-tools-for-stm32.11.3.rel1.macos64_1.1.0.202305231506/tools/bin/../lib/gcc/arm-none-eabi/11.3.1/../../../../arm-none-eabi/lib/thumb/v7e-m+fp/hard/crt0.o (__libc_init_array)
/Applications/STM32CubeIDE.app/Contents/Eclipse/plugins/com.st.stm32cube.ide.mcu.externaltools.gnu-tools-for-stm32.11.3.rel1.macos64_1.1.0.202305231506/tools/bin/../lib/gcc/arm-none-eabi/11.3.1/../../../../arm-none-eabi/lib/thumb/v7e-m+fp/hard/libc_nano.a(libc_a-lock.o)
                              /Applications/STM32CubeIDE.app/Contents/Eclipse/plugins/com.st.stm32cube.ide.mcu.externaltools.gnu-tools-for-stm32.11.3.rel1.macos64_1.1.0.202305231506/tools/bin/../lib/gcc/arm-none-eabi/11.3.1/../../../../arm-none-eabi/lib/thumb/v7e-m+fp/hard/libc_nano.a(libc_a-findfp.o) (__retarget_lock_init_recursive)
/Applications/STM32CubeIDE.app/Contents/Eclipse/plugins/com.st.stm32cube.ide.mcu.externaltools.gnu-tools-for-stm32.11.3.rel1.macos64_1.1.0.202305231506/tools/bin/../lib/gcc/arm-none-eabi/11.3.1/../../../../arm-none-eabi/lib/thumb/v7e-m+fp/hard/libc_nano.a(libc_a-mallocr.o)
[...]
Memory Configuration

Name             Origin             Length             Attributes
RAM              0x0000000020000000 0x000000000000a000 xrw
RAM2             0x0000000010000000 0x0000000000002000 xrw
FLASH            0x0000000008000000 0x0000000000020000 xr
*default*        0x0000000000000000 0xffffffffffffffff

Linker script and memory map

LOAD /Applications/STM32CubeIDE.app/Contents/Eclipse/plugins/com.st.stm32cube.ide.mcu.externaltools.gnu-tools-for-stm32.11.3.rel1.macos64_1.1.0.202305231506/tools/bin/../lib/gcc/arm-none-eabi/11.3.1/thumb/v7e-m+fp/hard/crti.o
LOAD /Applications/STM32CubeIDE.app/Contents/Eclipse/plugins/com.st.stm32cube.ide.mcu.externaltools.gnu-tools-for-stm32.11.3.rel1.macos64_1.1.0.202305231506/tools/bin/../lib/gcc/arm-none-eabi/11.3.1/thumb/v7e-m+fp/hard/crtbegin.o
LOAD /Applications/STM32CubeIDE.app/Contents/Eclipse/plugins/com.st.stm32cube.ide.mcu.externaltools.gnu-tools-for-stm32.11.3.rel1.macos64_1.1.0.202305231506/tools/bin/../lib/gcc/arm-none-eabi/11.3.1/../../../../arm-none-eabi/lib/thumb/v7e-m+fp/hard/crt0.o
LOAD ./Core/Src/main.o
LOAD ./Core/Src/stm32l4xx_hal_msp.o
LOAD ./Core/Src/stm32l4xx_it.o
LOAD ./Core/Src/syscalls.o
LOAD ./Core/Src/sysmem.o
LOAD ./Core/Src/system_stm32l4xx.o
LOAD ./Core/Startup/startup_stm32l412rbtx.o
LOAD ./Drivers/STM32L4xx_HAL_Driver/Src/stm32l4xx_hal.o
LOAD ./Drivers/STM32L4xx_HAL_Driver/Src/stm32l4xx_hal_cortex.o
LOAD ./Drivers/STM32L4xx_HAL_Driver/Src/stm32l4xx_hal_dma.o
LOAD ./Drivers/STM32L4xx_HAL_Driver/Src/stm32l4xx_hal_dma_ex.o
LOAD ./Drivers/STM32L4xx_HAL_Driver/Src/stm32l4xx_hal_exti.o
LOAD ./Drivers/STM32L4xx_HAL_Driver/Src/stm32l4xx_hal_flash.o
LOAD ./Drivers/STM32L4xx_HAL_Driver/Src/stm32l4xx_hal_flash_ex.o
LOAD ./Drivers/STM32L4xx_HAL_Driver/Src/stm32l4xx_hal_flash_ramfunc.o
LOAD ./Drivers/STM32L4xx_HAL_Driver/Src/stm32l4xx_hal_gpio.o
LOAD ./Drivers/STM32L4xx_HAL_Driver/Src/stm32l4xx_hal_pwr.o
LOAD ./Drivers/STM32L4xx_HAL_Driver/Src/stm32l4xx_hal_pwr_ex.o
LOAD ./Drivers/STM32L4xx_HAL_Driver/Src/stm32l4xx_hal_rcc.o
LOAD ./Drivers/STM32L4xx_HAL_Driver/Src/stm32l4xx_hal_rcc_ex.o
LOAD ./Drivers/STM32L4xx_HAL_Driver/Src/stm32l4xx_hal_spi.o
LOAD ./Drivers/STM32L4xx_HAL_Driver/Src/stm32l4xx_hal_spi_ex.o
LOAD ./FATFS/App/fatfs.o
LOAD ./FATFS/Target/user_diskio.o
LOAD ./FATFS/Target/user_diskio_spi.o
LOAD ./Middlewares/Third_Party/FatFs/src/diskio.o
LOAD ./Middlewares/Third_Party/FatFs/src/ff.o
LOAD ./Middlewares/Third_Party/FatFs/src/ff_gen_drv.o
LOAD ./Middlewares/Third_Party/FatFs/src/option/syscall.o
START GROUP
LOAD /Applications/STM32CubeIDE.app/Contents/Eclipse/plugins/com.st.stm32cube.ide.mcu.externaltools.gnu-tools-for-stm32.11.3.rel1.macos64_1.1.0.202305231506/tools/bin/../lib/gcc/arm-none-eabi/11.3.1/../../../../arm-none-eabi/lib/thumb/v7e-m+fp/hard/libc_nano.a
LOAD /Applications/STM32CubeIDE.app/Contents/Eclipse/plugins/com.st.stm32cube.ide.mcu.externaltools.gnu-tools-for-stm32.11.3.rel1.macos64_1.1.0.202305231506/tools/bin/../lib/gcc/arm-none-eabi/11.3.1/../../../../arm-none-eabi/lib/thumb/v7e-m+fp/hard/libm.a
END GROUP
START GROUP
LOAD /Applications/STM32CubeIDE.app/Contents/Eclipse/plugins/com.st.stm32cube.ide.mcu.externaltools.gnu-tools-for-stm32.11.3.rel1.macos64_1.1.0.202305231506/tools/bin/../lib/gcc/arm-none-eabi/11.3.1/thumb/v7e-m+fp/hard/libgcc.a
LOAD /Applications/STM32CubeIDE.app/Contents/Eclipse/plugins/com.st.stm32cube.ide.mcu.externaltools.gnu-tools-for-stm32.11.3.rel1.macos64_1.1.0.202305231506/tools/bin/../lib/gcc/arm-none-eabi/11.3.1/../../../../arm-none-eabi/lib/thumb/v7e-m+fp/hard/libc_nano.a
END GROUP
START GROUP
LOAD /Applications/STM32CubeIDE.app/Contents/Eclipse/plugins/com.st.stm32cube.ide.mcu.externaltools.gnu-tools-for-stm32.11.3.rel1.macos64_1.1.0.202305231506/tools/bin/../lib/gcc/arm-none-eabi/11.3.1/thumb/v7e-m+fp/hard/libgcc.a
LOAD /Applications/STM32CubeIDE.app/Contents/Eclipse/plugins/com.st.stm32cube.ide.mcu.externaltools.gnu-tools-for-stm32.11.3.rel1.macos64_1.1.0.202305231506/tools/bin/../lib/gcc/arm-none-eabi/11.3.1/../../../../arm-none-eabi/lib/thumb/v7e-m+fp/hard/libc_nano.a
LOAD /Applications/STM32CubeIDE.app/Contents/Eclipse/plugins/com.st.stm32cube.ide.mcu.externaltools.gnu-tools-for-stm32.11.3.rel1.macos64_1.1.0.202305231506/tools/bin/../lib/gcc/arm-none-eabi/11.3.1/../../../../arm-none-eabi/lib/thumb/v7e-m+fp/hard/libnosys.a
END GROUP
START GROUP
LOAD /Applications/STM32CubeIDE.app/Contents/Eclipse/plugins/com.st.stm32cube.ide.mcu.externaltools.gnu-tools-for-stm32.11.3.rel1.macos64_1.1.0.202305231506/tools/bin/../lib/gcc/arm-none-eabi/11.3.1/thumb/v7e-m+fp/hard/libgcc.a
LOAD /Applications/STM32CubeIDE.app/Contents/Eclipse/plugins/com.st.stm32cube.ide.mcu.externaltools.gnu-tools-for-stm32.11.3.rel1.macos64_1.1.0.202305231506/tools/bin/../lib/gcc/arm-none-eabi/11.3.1/../../../../arm-none-eabi/lib/thumb/v7e-m+fp/hard/libc_nano.a
LOAD /Applications/STM32CubeIDE.app/Contents/Eclipse/plugins/com.st.stm32cube.ide.mcu.externaltools.gnu-tools-for-stm32.11.3.rel1.macos64_1.1.0.202305231506/tools/bin/../lib/gcc/arm-none-eabi/11.3.1/../../../../arm-none-eabi/lib/thumb/v7e-m+fp/hard/libnosys.a
END GROUP
LOAD /Applications/STM32CubeIDE.app/Contents/Eclipse/plugins/com.st.stm32cube.ide.mcu.externaltools.gnu-tools-for-stm32.11.3.rel1.macos64_1.1.0.202305231506/tools/bin/../lib/gcc/arm-none-eabi/11.3.1/thumb/v7e-m+fp/hard/crtend.o
LOAD /Applications/STM32CubeIDE.app/Contents/Eclipse/plugins/com.st.stm32cube.ide.mcu.externaltools.gnu-tools-for-stm32.11.3.rel1.macos64_1.1.0.202305231506/tools/bin/../lib/gcc/arm-none-eabi/11.3.1/thumb/v7e-m+fp/hard/crtn.o
                0x000000002000a000                _estack = (ORIGIN (RAM) + LENGTH (RAM))
                0x0000000000000200                _Min_Heap_Size = 0x200
                0x0000000000000400                _Min_Stack_Size = 0x400

.isr_vector     0x0000000008000000      0x18c
                0x0000000008000000                . = ALIGN (0x4)
 *(.isr_vector)
 .isr_vector    0x0000000008000000      0x18c ./Core/Startup/startup_stm32l412rbtx.o
                0x0000000008000000                g_pfnVectors
                0x000000000800018c                . = ALIGN (0x4)

.text           0x000000000800018c     0x561c
                0x000000000800018c                . = ALIGN (0x4)
 *(.text)
 .text          0x000000000800018c       0x40 /Applications/STM32CubeIDE.app/Contents/Eclipse/plugins/com.st.stm32cube.ide.mcu.externaltools.gnu-tools-for-stm32.11.3.rel1.macos64_1.1.0.202305231506/tools/bin/../lib/gcc/arm-none-eabi/11.3.1/thumb/v7e-m+fp/hard/crtbegin.o
 *(.text*)
 .text.main     0x00000000080001cc      0x14c ./Core/Src/main.o
                0x00000000080001cc                main
 .text.SystemClock_Config
                0x0000000008000318       0x8c ./Core/Src/main.o
                0x0000000008000318                SystemClock_Config
 .text.MX_SPI1_Init
                0x00000000080003a4       0x7c ./Core/Src/main.o
 .text.MX_GPIO_Init
                0x0000000008000420       0x60 ./Core/Src/main.o
 .text.Error_Handler
                0x0000000008000480        0xa ./Core/Src/main.o
                0x0000000008000480                Error_Handler
 *fill*         0x000000000800048a        0x2 
 .text.HAL_MspInit
                0x000000000800048c       0x48 ./Core/Src/stm32l4xx_hal_msp.o
                0x000000000800048c                HAL_MspInit
 .text.HAL_SPI_MspInit
                0x00000000080004d4       0x84 ./Core/Src/stm32l4xx_hal_msp.o
                0x00000000080004d4                HAL_SPI_MspInit
 .text.NMI_Handler
                0x0000000008000558        0x6 ./Core/Src/stm32l4xx_it.o
                0x0000000008000558                NMI_Handler
 .text.HardFault_Handler
                0x000000000800055e        0x6 ./Core/Src/stm32l4xx_it.o
                0x000000000800055e                HardFault_Handler
 .text.MemManage_Handler
                0x0000000008000564        0x6 ./Core/Src/stm32l4xx_it.o
                0x0000000008000564                MemManage_Handler
 .text.BusFault_Handler
                0x000000000800056a        0x6 ./Core/Src/stm32l4xx_it.o
                0x000000000800056a                BusFault_Handler
 .text.UsageFault_Handler
                0x0000000008000570        0x6 ./Core/Src/stm32l4xx_it.o
                0x0000000008000570                UsageFault_Handler
 .text.SVC_Handler
                0x0000000008000576        0xe ./Core/Src/stm32l4xx_it.o
                0x0000000008000576                SVC_Handler
 .text.DebugMon_Handler
                0x0000000008000584        0xe ./Core/Src/stm32l4xx_it.o
                0x0000000008000584                DebugMon_Handler
 .text.PendSV_Handler
                0x0000000008000592        0xe ./Core/Src/stm32l4xx_it.o
                0x0000000008000592                PendSV_Handler
 .text.SysTick_Handler
                0x00000000080005a0        0xc ./Core/Src/stm32l4xx_it.o
                0x00000000080005a0                SysTick_Handler
 .text.SystemInit
                0x00000000080005ac       0x24 ./Core/Src/system_stm32l4xx.o
                0x00000000080005ac                SystemInit
 .text.Reset_Handler
                0x00000000080005d0       0x50 ./Core/Startup/startup_stm32l412rbtx.o
                0x00000000080005d0                Reset_Handler
 .text.Default_Handler
                0x0000000008000620        0x2 ./Core/Startup/startup_stm32l412rbtx.o
                0x0000000008000620                TIM1_BRK_TIM15_IRQHandler
                0x0000000008000620                EXTI2_IRQHandler
                0x0000000008000620                TIM1_CC_IRQHandler
                0x0000000008000620                TSC_IRQHandler
                0x0000000008000620                TIM6_IRQHandler
                0x0000000008000620                TAMP_STAMP_IRQHandler
                0x0000000008000620                EXTI3_IRQHandler
                0x0000000008000620                LPTIM2_IRQHandler
                0x0000000008000620                I2C3_ER_IRQHandler
                0x0000000008000620                EXTI0_IRQHandler
                0x0000000008000620                I2C2_EV_IRQHandler
                0x0000000008000620                FPU_IRQHandler
                0x0000000008000620                TIM1_UP_TIM16_IRQHandler
                0x0000000008000620                ADC1_2_IRQHandler
                0x0000000008000620                SPI1_IRQHandler
                0x0000000008000620                DMA2_Channel2_IRQHandler
                0x0000000008000620                DMA1_Channel4_IRQHandler
                0x0000000008000620                USART3_IRQHandler
                0x0000000008000620                DMA1_Channel7_IRQHandler
                0x0000000008000620                DMA2_Channel1_IRQHandler
                0x0000000008000620                QUADSPI_IRQHandler
                0x0000000008000620                I2C1_EV_IRQHandler
                0x0000000008000620                DMA1_Channel6_IRQHandler
                0x0000000008000620                DMA2_Channel4_IRQHandler
                0x0000000008000620                RCC_IRQHandler
                0x0000000008000620                TIM1_TRG_COM_IRQHandler
                0x0000000008000620                DMA1_Channel1_IRQHandler
                0x0000000008000620                Default_Handler
                0x0000000008000620                DMA2_Channel7_IRQHandler
                0x0000000008000620                EXTI15_10_IRQHandler
                0x0000000008000620                I2C3_EV_IRQHandler
                0x0000000008000620                USB_IRQHandler
                0x0000000008000620                EXTI9_5_IRQHandler
                0x0000000008000620                RTC_WKUP_IRQHandler
                0x0000000008000620                PVD_PVM_IRQHandler
                0x0000000008000620                SPI2_IRQHandler
                0x0000000008000620                DMA2_Channel5_IRQHandler
                0x0000000008000620                CRS_IRQHandler
                0x0000000008000620                DMA1_Channel5_IRQHandler
                0x0000000008000620                EXTI4_IRQHandler
                0x0000000008000620                RNG_IRQHandler
                0x0000000008000620                DMA1_Channel3_IRQHandler
                0x0000000008000620                COMP_IRQHandler
                0x0000000008000620                WWDG_IRQHandler
                0x0000000008000620                LPUART1_IRQHandler
                0x0000000008000620                DMA2_Channel6_IRQHandler
                0x0000000008000620                TIM2_IRQHandler
                0x0000000008000620                EXTI1_IRQHandler
                0x0000000008000620                USART2_IRQHandler
                0x0000000008000620                I2C2_ER_IRQHandler
                0x0000000008000620                DMA1_Channel2_IRQHandler
                0x0000000008000620                FLASH_IRQHandler
                0x0000000008000620                USART1_IRQHandler
                0x0000000008000620                I2C1_ER_IRQHandler
                0x0000000008000620                LPTIM1_IRQHandler
                0x0000000008000620                DMA2_Channel3_IRQHandler
                0x0000000008000620                RTC_Alarm_IRQHandler
 .text.HAL_Init
                0x0000000008000622       0x30 ./Drivers/STM32L4xx_HAL_Driver/Src/stm32l4xx_hal.o
                0x0000000008000622                HAL_Init
 *fill*         0x0000000008000652        0x2 
 .text.HAL_InitTick
                0x0000000008000654       0x78 ./Drivers/STM32L4xx_HAL_Driver/Src/stm32l4xx_hal.o
                0x0000000008000654                HAL_InitTick
 .text.HAL_IncTick
                0x00000000080006cc       0x28 ./Drivers/STM32L4xx_HAL_Driver/Src/stm32l4xx_hal.o
                0x00000000080006cc                HAL_IncTick
 .text.HAL_GetTick
                0x00000000080006f4       0x18 ./Drivers/STM32L4xx_HAL_Driver/Src/stm32l4xx_hal.o
                0x00000000080006f4                HAL_GetTick
 .text.HAL_Delay
                0x000000000800070c       0x48 ./Drivers/STM32L4xx_HAL_Driver/Src/stm32l4xx_hal.o
                0x000000000800070c                HAL_Delay
 .text.__NVIC_SetPriorityGrouping
                0x0000000008000754       0x48 ./Drivers/STM32L4xx_HAL_Driver/Src/stm32l4xx_hal_cortex.o
 .text.__NVIC_GetPriorityGrouping
                0x000000000800079c       0x1c ./Drivers/STM32L4xx_HAL_Driver/Src/stm32l4xx_hal_cortex.o
 .text.__NVIC_SetPriority
                0x00000000080007b8       0x54 ./Drivers/STM32L4xx_HAL_Driver/Src/stm32l4xx_hal_cortex.o
 .text.NVIC_EncodePriority
                0x000000000800080c       0x66 ./Drivers/STM32L4xx_HAL_Driver/Src/stm32l4xx_hal_cortex.o
 *fill*         0x0000000008000872        0x2 
 .text.SysTick_Config
                0x0000000008000874       0x44 ./Drivers/STM32L4xx_HAL_Driver/Src/stm32l4xx_hal_cortex.o
 .text.HAL_NVIC_SetPriorityGrouping
                0x00000000080008b8       0x16 ./Drivers/STM32L4xx_HAL_Driver/Src/stm32l4xx_hal_cortex.o
                0x00000000080008b8                HAL_NVIC_SetPriorityGrouping
 .text.HAL_NVIC_SetPriority
                0x00000000080008ce       0x38 ./Drivers/STM32L4xx_HAL_Driver/Src/stm32l4xx_hal_cortex.o
                0x00000000080008ce                HAL_NVIC_SetPriority
 .text.HAL_SYSTICK_Config
                0x0000000008000906       0x18 ./Drivers/STM32L4xx_HAL_Driver/Src/stm32l4xx_hal_cortex.o
                0x0000000008000906                HAL_SYSTICK_Config
 *fill*         0x000000000800091e        0x2 
 .text.HAL_GPIO_Init
                0x0000000008000920      0x2e4 ./Drivers/STM32L4xx_HAL_Driver/Src/stm32l4xx_hal_gpio.o
                0x0000000008000920                HAL_GPIO_Init
 .text.HAL_GPIO_WritePin
                0x0000000008000c04       0x30 ./Drivers/STM32L4xx_HAL_Driver/Src/stm32l4xx_hal_gpio.o
                0x0000000008000c04                HAL_GPIO_WritePin
 .text.HAL_PWREx_GetVoltageRange
                0x0000000008000c34       0x1c ./Drivers/STM32L4xx_HAL_Driver/Src/stm32l4xx_hal_pwr_ex.o
                0x0000000008000c34                HAL_PWREx_GetVoltageRange
 .text.HAL_PWREx_ControlVoltageScaling
                0x0000000008000c50       0xac ./Drivers/STM32L4xx_HAL_Driver/Src/stm32l4xx_hal_pwr_ex.o
                0x0000000008000c50                HAL_PWREx_ControlVoltageScaling
 .text.HAL_RCC_OscConfig
                0x0000000008000cfc      0x8c4 ./Drivers/STM32L4xx_HAL_Driver/Src/stm32l4xx_hal_rcc.o
                0x0000000008000cfc                HAL_RCC_OscConfig
 .text.HAL_RCC_ClockConfig
                0x00000000080015c0      0x200 ./Drivers/STM32L4xx_HAL_Driver/Src/stm32l4xx_hal_rcc.o
                0x00000000080015c0                HAL_RCC_ClockConfig
 .text.HAL_RCC_GetSysClockFreq
                0x00000000080017c0      0x118 ./Drivers/STM32L4xx_HAL_Driver/Src/stm32l4xx_hal_rcc.o
                0x00000000080017c0                HAL_RCC_GetSysClockFreq
 .text.RCC_SetFlashLatencyFromMSIRange
                0x00000000080018d8       0xc0 ./Drivers/STM32L4xx_HAL_Driver/Src/stm32l4xx_hal_rcc.o
 .text.HAL_SPI_Init
                0x0000000008001998      0x146 ./Drivers/STM32L4xx_HAL_Driver/Src/stm32l4xx_hal_spi.o
                0x0000000008001998                HAL_SPI_Init
 .text.HAL_SPI_Transmit
                0x0000000008001ade      0x2ea ./Drivers/STM32L4xx_HAL_Driver/Src/stm32l4xx_hal_spi.o
                0x0000000008001ade                HAL_SPI_Transmit
 .text.HAL_SPI_TransmitReceive
                0x0000000008001dc8      0x444 ./Drivers/STM32L4xx_HAL_Driver/Src/stm32l4xx_hal_spi.o
                0x0000000008001dc8                HAL_SPI_TransmitReceive
 .text.SPI_WaitFlagStateUntilTimeout
                0x000000000800220c      0x110 ./Drivers/STM32L4xx_HAL_Driver/Src/stm32l4xx_hal_spi.o
 .text.SPI_WaitFifoStateUntilTimeout
                0x000000000800231c      0x12c ./Drivers/STM32L4xx_HAL_Driver/Src/stm32l4xx_hal_spi.o
 .text.SPI_EndRxTxTransaction
                0x0000000008002448       0x8c ./Drivers/STM32L4xx_HAL_Driver/Src/stm32l4xx_hal_spi.o
 .text.MX_FATFS_Init
                0x00000000080024d4       0x24 ./FATFS/App/fatfs.o
                0x00000000080024d4                MX_FATFS_Init
 .text.get_fattime
                0x00000000080024f8       0x10 ./FATFS/App/fatfs.o
                0x00000000080024f8                get_fattime
 .text.USER_initialize
                0x0000000008002508       0x1c ./FATFS/Target/user_diskio.o
                0x0000000008002508                USER_initialize
 .text.USER_status
                0x0000000008002524       0x1c ./FATFS/Target/user_diskio.o
                0x0000000008002524                USER_status
 .text.USER_read
                0x0000000008002540       0x26 ./FATFS/Target/user_diskio.o
                0x0000000008002540                USER_read
 .text.USER_write
                0x0000000008002566       0x26 ./FATFS/Target/user_diskio.o
                0x0000000008002566                USER_write
 .text.USER_ioctl
                0x000000000800258c       0x26 ./FATFS/Target/user_diskio.o
                0x000000000800258c                USER_ioctl
 *fill*         0x00000000080025b2        0x2 
 .text.SPI_Timer_On
                0x00000000080025b4       0x28 ./FATFS/Target/user_diskio_spi.o
                0x00000000080025b4                SPI_Timer_On
 .text.SPI_Timer_Status
                0x00000000080025dc       0x2c ./FATFS/Target/user_diskio_spi.o
                0x00000000080025dc                SPI_Timer_Status
 .text.xchg_spi
                0x0000000008002608       0x2c ./FATFS/Target/user_diskio_spi.o
 .text.rcvr_spi_multi
                0x0000000008002634       0x38 ./FATFS/Target/user_diskio_spi.o
 .text.xmit_spi_multi
                0x000000000800266c       0x28 ./FATFS/Target/user_diskio_spi.o
 .text.wait_ready
                0x0000000008002694       0x46 ./FATFS/Target/user_diskio_spi.o
 .text.despiselect
                0x00000000080026da       0x1a ./FATFS/Target/user_diskio_spi.o
 .text.spiselect
                0x00000000080026f4       0x32 ./FATFS/Target/user_diskio_spi.o
 .text.rcvr_datablock
                0x0000000008002726       0x52 ./FATFS/Target/user_diskio_spi.o
 .text.xmit_datablock
                0x0000000008002778       0x64 ./FATFS/Target/user_diskio_spi.o
 .text.send_cmd
                0x00000000080027dc       0xde ./FATFS/Target/user_diskio_spi.o
 *fill*         0x00000000080028ba        0x2 
 .text.USER_SPI_initialize
                0x00000000080028bc      0x1d8 ./FATFS/Target/user_diskio_spi.o
                0x00000000080028bc                USER_SPI_initialize
 .text.USER_SPI_status
                0x0000000008002a94       0x2c ./FATFS/Target/user_diskio_spi.o
                0x0000000008002a94                USER_SPI_status
 .text.USER_SPI_read
                0x0000000008002ac0       0xcc ./FATFS/Target/user_diskio_spi.o
                0x0000000008002ac0                USER_SPI_read
 .text.USER_SPI_write
                0x0000000008002b8c       0xf8 ./FATFS/Target/user_diskio_spi.o
                0x0000000008002b8c                USER_SPI_write
 .text.USER_SPI_ioctl
                0x0000000008002c84      0x2e0 ./FATFS/Target/user_diskio_spi.o
                0x0000000008002c84                USER_SPI_ioctl
 .text.disk_status
                0x0000000008002f64       0x34 ./Middlewares/Third_Party/FatFs/src/diskio.o
                0x0000000008002f64                disk_status
 .text.disk_initialize
                0x0000000008002f98       0x4c ./Middlewares/Third_Party/FatFs/src/diskio.o
                0x0000000008002f98                disk_initialize
 .text.disk_read
                0x0000000008002fe4       0x40 ./Middlewares/Third_Party/FatFs/src/diskio.o
                0x0000000008002fe4                disk_read
 .text.disk_write
                0x0000000008003024       0x40 ./Middlewares/Third_Party/FatFs/src/diskio.o
                0x0000000008003024                disk_write
 .text.disk_ioctl
                0x0000000008003064       0x3c ./Middlewares/Third_Party/FatFs/src/diskio.o
                0x0000000008003064                disk_ioctl
 .text.ld_word  0x00000000080030a0       0x30 ./Middlewares/Third_Party/FatFs/src/ff.o
 .text.ld_dword
                0x00000000080030d0       0x46 ./Middlewares/Third_Party/FatFs/src/ff.o
 .text.st_word  0x0000000008003116       0x36 ./Middlewares/Third_Party/FatFs/src/ff.o
 .text.st_dword
                0x000000000800314c       0x58 ./Middlewares/Third_Party/FatFs/src/ff.o
 .text.mem_cpy  0x00000000080031a4       0x42 ./Middlewares/Third_Party/FatFs/src/ff.o
 .text.mem_set  0x00000000080031e6       0x36 ./Middlewares/Third_Party/FatFs/src/ff.o
 .text.mem_cmp  0x000000000800321c       0x4e ./Middlewares/Third_Party/FatFs/src/ff.o
 .text.chk_chr  0x000000000800326a       0x36 ./Middlewares/Third_Party/FatFs/src/ff.o
 .text.chk_lock
                0x00000000080032a0       0xb8 ./Middlewares/Third_Party/FatFs/src/ff.o
 .text.enq_lock
                0x0000000008003358       0x44 ./Middlewares/Third_Party/FatFs/src/ff.o
 .text.inc_lock
                0x000000000800339c      0x11c ./Middlewares/Third_Party/FatFs/src/ff.o
 .text.dec_lock
                0x00000000080034b8       0x78 ./Middlewares/Third_Party/FatFs/src/ff.o
 .text.clear_lock
                0x0000000008003530       0x48 ./Middlewares/Third_Party/FatFs/src/ff.o
 .text.sync_window
                0x0000000008003578       0x88 ./Middlewares/Third_Party/FatFs/src/ff.o
 .text.move_window
                0x0000000008003600       0x5a ./Middlewares/Third_Party/FatFs/src/ff.o
 *fill*         0x000000000800365a        0x2 
 .text.sync_fs  0x000000000800365c       0xdc ./Middlewares/Third_Party/FatFs/src/ff.o
 .text.clust2sect
                0x0000000008003738       0x3e ./Middlewares/Third_Party/FatFs/src/ff.o
 .text.get_fat  0x0000000008003776      0x150 ./Middlewares/Third_Party/FatFs/src/ff.o
 .text.put_fat  0x00000000080038c6      0x1d4 ./Middlewares/Third_Party/FatFs/src/ff.o
 .text.remove_chain
                0x0000000008003a9a       0xca ./Middlewares/Third_Party/FatFs/src/ff.o
 .text.create_chain
                0x0000000008003b64      0x130 ./Middlewares/Third_Party/FatFs/src/ff.o
 .text.clmt_clust
                0x0000000008003c94       0x68 ./Middlewares/Third_Party/FatFs/src/ff.o
 .text.dir_sdi  0x0000000008003cfc       0xf6 ./Middlewares/Third_Party/FatFs/src/ff.o
 .text.dir_next
                0x0000000008003df2      0x18a ./Middlewares/Third_Party/FatFs/src/ff.o
 .text.dir_alloc
                0x0000000008003f7c       0x8e ./Middlewares/Third_Party/FatFs/src/ff.o
 .text.ld_clust
                0x000000000800400a       0x3e ./Middlewares/Third_Party/FatFs/src/ff.o
 .text.st_clust
                0x0000000008004048       0x40 ./Middlewares/Third_Party/FatFs/src/ff.o
 .text.dir_find
                0x0000000008004088       0xaa ./Middlewares/Third_Party/FatFs/src/ff.o
 .text.dir_register
                0x0000000008004132       0x64 ./Middlewares/Third_Party/FatFs/src/ff.o
 *fill*         0x0000000008004196        0x2 
 .text.create_name
                0x0000000008004198      0x128 ./Middlewares/Third_Party/FatFs/src/ff.o
 .text.follow_path
                0x00000000080042c0       0xe2 ./Middlewares/Third_Party/FatFs/src/ff.o
 .text.get_ldnumber
                0x00000000080043a2       0x88 ./Middlewares/Third_Party/FatFs/src/ff.o
 *fill*         0x000000000800442a        0x2 
 .text.check_fs
                0x000000000800442c       0xac ./Middlewares/Third_Party/FatFs/src/ff.o
 .text.find_volume
                0x00000000080044d8      0x498 ./Middlewares/Third_Party/FatFs/src/ff.o
 .text.validate
                0x0000000008004970       0x6a ./Middlewares/Third_Party/FatFs/src/ff.o
 *fill*         0x00000000080049da        0x2 
 .text.f_mount  0x00000000080049dc       0x8c ./Middlewares/Third_Party/FatFs/src/ff.o
                0x00000000080049dc                f_mount
 .text.f_open   0x0000000008004a68      0x37c ./Middlewares/Third_Party/FatFs/src/ff.o
                0x0000000008004a68                f_open
 .text.f_read   0x0000000008004de4      0x27e ./Middlewares/Third_Party/FatFs/src/ff.o
                0x0000000008004de4                f_read
 .text.f_write  0x0000000008005062      0x2ea ./Middlewares/Third_Party/FatFs/src/ff.o
                0x0000000008005062                f_write
 .text.f_sync   0x000000000800534c       0xfc ./Middlewares/Third_Party/FatFs/src/ff.o
                0x000000000800534c                f_sync
 .text.f_close  0x0000000008005448       0x54 ./Middlewares/Third_Party/FatFs/src/ff.o
                0x0000000008005448                f_close
 .text.f_getfree
                0x000000000800549c      0x16a ./Middlewares/Third_Party/FatFs/src/ff.o
                0x000000000800549c                f_getfree
 .text.f_gets   0x0000000008005606       0x7a ./Middlewares/Third_Party/FatFs/src/ff.o
                0x0000000008005606                f_gets
 .text.FATFS_LinkDriverEx
                0x0000000008005680       0x98 ./Middlewares/Third_Party/FatFs/src/ff_gen_drv.o
                0x0000000008005680                FATFS_LinkDriverEx
 .text.FATFS_LinkDriver
                0x0000000008005718       0x1e ./Middlewares/Third_Party/FatFs/src/ff_gen_drv.o
                0x0000000008005718                FATFS_LinkDriver
 .text.memset   0x0000000008005736       0x10 /Applications/STM32CubeIDE.app/Contents/Eclipse/plugins/com.st.stm32cube.ide.mcu.externaltools.gnu-tools-for-stm32.11.3.rel1.macos64_1.1.0.202305231506/tools/bin/../lib/gcc/arm-none-eabi/11.3.1/../../../../arm-none-eabi/lib/thumb/v7e-m+fp/hard/libc_nano.a(libc_a-memset.o)
                0x0000000008005736                memset
 *fill*         0x0000000008005746        0x2 
 .text.__libc_init_array
                0x0000000008005748       0x48 /Applications/STM32CubeIDE.app/Contents/Eclipse/plugins/com.st.stm32cube.ide.mcu.externaltools.gnu-tools-for-stm32.11.3.rel1.macos64_1.1.0.202305231506/tools/bin/../lib/gcc/arm-none-eabi/11.3.1/../../../../arm-none-eabi/lib/thumb/v7e-m+fp/hard/libc_nano.a(libc_a-init.o)
                0x0000000008005748                __libc_init_array
 *(.glue_7)
 .glue_7        0x0000000008005790        0x0 linker stubs
 *(.glue_7t)
 .glue_7t       0x0000000008005790        0x0 linker stubs
 *(.eh_frame)
 .eh_frame      0x0000000008005790        0x0 /Applications/STM32CubeIDE.app/Contents/Eclipse/plugins/com.st.stm32cube.ide.mcu.externaltools.gnu-tools-for-stm32.11.3.rel1.macos64_1.1.0.202305231506/tools/bin/../lib/gcc/arm-none-eabi/11.3.1/thumb/v7e-m+fp/hard/crtbegin.o
 *(.init)
 .init          0x0000000008005790        0x4 /Applications/STM32CubeIDE.app/Contents/Eclipse/plugins/com.st.stm32cube.ide.mcu.externaltools.gnu-tools-for-stm32.11.3.rel1.macos64_1.1.0.202305231506/tools/bin/../lib/gcc/arm-none-eabi/11.3.1/thumb/v7e-m+fp/hard/crti.o
                0x0000000008005790                _init
 .init          0x0000000008005794        0x8 /Applications/STM32CubeIDE.app/Contents/Eclipse/plugins/com.st.stm32cube.ide.mcu.externaltools.gnu-tools-for-stm32.11.3.rel1.macos64_1.1.0.202305231506/tools/bin/../lib/gcc/arm-none-eabi/11.3.1/thumb/v7e-m+fp/hard/crtn.o
 *(.fini)
 .fini          0x000000000800579c        0x4 /Applications/STM32CubeIDE.app/Contents/Eclipse/plugins/com.st.stm32cube.ide.mcu.externaltools.gnu-tools-for-stm32.11.3.rel1.macos64_1.1.0.202305231506/tools/bin/../lib/gcc/arm-none-eabi/11.3.1/thumb/v7e-m+fp/hard/crti.o
                0x000000000800579c                _fini
 .fini          0x00000000080057a0        0x8 /Applications/STM32CubeIDE.app/Contents/Eclipse/plugins/com.st.stm32cube.ide.mcu.externaltools.gnu-tools-for-stm32.11.3.rel1.macos64_1.1.0.202305231506/tools/bin/../lib/gcc/arm-none-eabi/11.3.1/thumb/v7e-m+fp/hard/crtn.o
                0x00000000080057a8                . = ALIGN (0x4)
                0x00000000080057a8                _etext = .

.vfp11_veneer   0x00000000080057a8        0x0
 .vfp11_veneer  0x00000000080057a8        0x0 linker stubs

.v4_bx          0x00000000080057a8        0x0
 .v4_bx         0x00000000080057a8        0x0 linker stubs

.iplt           0x00000000080057a8        0x0
 .iplt          0x00000000080057a8        0x0 /Applications/STM32CubeIDE.app/Contents/Eclipse/plugins/com.st.stm32cube.ide.mcu.externaltools.gnu-tools-for-stm32.11.3.rel1.macos64_1.1.0.202305231506/tools/bin/../lib/gcc/arm-none-eabi/11.3.1/thumb/v7e-m+fp/hard/crtbegin.o

.rodata         0x00000000080057a8      0x134
                0x00000000080057a8                . = ALIGN (0x4)
 *(.rodata)
 .rodata        0x00000000080057a8       0x30 ./Core/Src/main.o
 .rodata        0x00000000080057d8       0x44 ./Middlewares/Third_Party/FatFs/src/ff.o
 *(.rodata*)
 .rodata.AHBPrescTable
                0x000000000800581c       0x10 ./Core/Src/system_stm32l4xx.o
                0x000000000800581c                AHBPrescTable
 .rodata.MSIRangeTable
                0x000000000800582c       0x30 ./Core/Src/system_stm32l4xx.o
                0x000000000800582c                MSIRangeTable
 .rodata.ExCvt  0x000000000800585c       0x80 ./Middlewares/Third_Party/FatFs/src/ff.o
                0x00000000080058dc                . = ALIGN (0x4)

.rel.dyn        0x00000000080058dc        0x0
 .rel.iplt      0x00000000080058dc        0x0 /Applications/STM32CubeIDE.app/Contents/Eclipse/plugins/com.st.stm32cube.ide.mcu.externaltools.gnu-tools-for-stm32.11.3.rel1.macos64_1.1.0.202305231506/tools/bin/../lib/gcc/arm-none-eabi/11.3.1/thumb/v7e-m+fp/hard/crtbegin.o

.ARM.extab      0x00000000080058dc        0x0
                0x00000000080058dc                . = ALIGN (0x4)
 *(.ARM.extab* .gnu.linkonce.armextab.*)
                0x00000000080058dc                . = ALIGN (0x4)

.ARM            0x00000000080058dc        0x0
                0x00000000080058dc                . = ALIGN (0x4)
                0x00000000080058dc                __exidx_start = .
 *(.ARM.exidx*)
                0x00000000080058dc                __exidx_end = .
                0x00000000080058dc                . = ALIGN (0x4)

.preinit_array  0x00000000080058dc        0x0
                0x00000000080058dc                . = ALIGN (0x4)
                0x00000000080058dc                PROVIDE (__preinit_array_start = .)
 *(.preinit_array*)
                0x00000000080058dc                PROVIDE (__preinit_array_end = .)
                0x00000000080058dc                . = ALIGN (0x4)

.init_array     0x00000000080058dc        0x4
                0x00000000080058dc                . = ALIGN (0x4)
                0x00000000080058dc                PROVIDE (__init_array_start = .)
 *(SORT_BY_NAME(.init_array.*))
 *(.init_array*)
 .init_array    0x00000000080058dc        0x4 /Applications/STM32CubeIDE.app/Contents/Eclipse/plugins/com.st.stm32cube.ide.mcu.externaltools.gnu-tools-for-stm32.11.3.rel1.macos64_1.1.0.202305231506/tools/bin/../lib/gcc/arm-none-eabi/11.3.1/thumb/v7e-m+fp/hard/crtbegin.o
                0x00000000080058e0                PROVIDE (__init_array_end = .)
                0x00000000080058e0                . = ALIGN (0x4)

.fini_array     0x00000000080058e0        0x4
                0x00000000080058e0                . = ALIGN (0x4)
                [!provide]                        PROVIDE (__fini_array_start = .)
 *(SORT_BY_NAME(.fini_array.*))
 *(.fini_array*)
 .fini_array    0x00000000080058e0        0x4 /Applications/STM32CubeIDE.app/Contents/Eclipse/plugins/com.st.stm32cube.ide.mcu.externaltools.gnu-tools-for-stm32.11.3.rel1.macos64_1.1.0.202305231506/tools/bin/../lib/gcc/arm-none-eabi/11.3.1/thumb/v7e-m+fp/hard/crtbegin.o
                [!provide]                        PROVIDE (__fini_array_end = .)
                0x00000000080058e4                . = ALIGN (0x4)
                0x00000000080058e4                _sidata = LOADADDR (.data)

.data           0x0000000020000000       0x24 load address 0x00000000080058e4
                0x0000000020000000                . = ALIGN (0x4)
                0x0000000020000000                _sdata = .
 *(.data)
 *(.data*)
 .data.SystemCoreClock
                0x0000000020000000        0x4 ./Core/Src/system_stm32l4xx.o
                0x0000000020000000                SystemCoreClock
 .data.uwTickPrio
                0x0000000020000004        0x4 ./Drivers/STM32L4xx_HAL_Driver/Src/stm32l4xx_hal.o
                0x0000000020000004                uwTickPrio
 .data.uwTickFreq
                0x0000000020000008        0x1 ./Drivers/STM32L4xx_HAL_Driver/Src/stm32l4xx_hal.o
                0x0000000020000008                uwTickFreq
 *fill*         0x0000000020000009        0x3 
 .data.USER_Driver
                0x000000002000000c       0x14 ./FATFS/Target/user_diskio.o
                0x000000002000000c                USER_Driver
 .data.Stat     0x0000000020000020        0x1 ./FATFS/Target/user_diskio_spi.o
 *(.RamFunc)
 *(.RamFunc*)
                0x0000000020000024                . = ALIGN (0x4)
 *fill*         0x0000000020000021        0x3 
                0x0000000020000024                _edata = .

.igot.plt       0x0000000020000024        0x0 load address 0x0000000008005908
 .igot.plt      0x0000000020000024        0x0 /Applications/STM32CubeIDE.app/Contents/Eclipse/plugins/com.st.stm32cube.ide.mcu.externaltools.gnu-tools-for-stm32.11.3.rel1.macos64_1.1.0.202305231506/tools/bin/../lib/gcc/arm-none-eabi/11.3.1/thumb/v7e-m+fp/hard/crtbegin.o
                0x0000000020000024                . = ALIGN (0x4)

.bss            0x0000000020000024       0xcc load address 0x0000000008005908
                0x0000000020000024                _sbss = .
                0x0000000020000024                __bss_start__ = _sbss
 *(.bss)
 .bss           0x0000000020000024       0x1c /Applications/STM32CubeIDE.app/Contents/Eclipse/plugins/com.st.stm32cube.ide.mcu.externaltools.gnu-tools-for-stm32.11.3.rel1.macos64_1.1.0.202305231506/tools/bin/../lib/gcc/arm-none-eabi/11.3.1/thumb/v7e-m+fp/hard/crtbegin.o
 *(.bss*)
 .bss.hspi1     0x0000000020000040       0x64 ./Core/Src/main.o
                0x0000000020000040                hspi1
 .bss.uwTick    0x00000000200000a4        0x4 ./Drivers/STM32L4xx_HAL_Driver/Src/stm32l4xx_hal.o
                0x00000000200000a4                uwTick
 .bss.retUSER   0x00000000200000a8        0x1 ./FATFS/App/fatfs.o
                0x00000000200000a8                retUSER
 *fill*         0x00000000200000a9        0x3 
 .bss.USERPath  0x00000000200000ac        0x4 ./FATFS/App/fatfs.o
                0x00000000200000ac                USERPath
 .bss.CardType  0x00000000200000b0        0x1 ./FATFS/Target/user_diskio_spi.o
 *fill*         0x00000000200000b1        0x3 
 .bss.spiTimerTickStart
                0x00000000200000b4        0x4 ./FATFS/Target/user_diskio_spi.o
                0x00000000200000b4                spiTimerTickStart
 .bss.spiTimerTickDelay
                0x00000000200000b8        0x4 ./FATFS/Target/user_diskio_spi.o
                0x00000000200000b8                spiTimerTickDelay
 .bss.FatFs     0x00000000200000bc        0x4 ./Middlewares/Third_Party/FatFs/src/ff.o
 .bss.Fsid      0x00000000200000c0        0x2 ./Middlewares/Third_Party/FatFs/src/ff.o
 *fill*         0x00000000200000c2        0x2 
 .bss.Files     0x00000000200000c4       0x20 ./Middlewares/Third_Party/FatFs/src/ff.o
 .bss.disk      0x00000000200000e4        0xc ./Middlewares/Third_Party/FatFs/src/ff_gen_drv.o
                0x00000000200000e4                disk
 *(COMMON)
                0x00000000200000f0                . = ALIGN (0x4)
                0x00000000200000f0                _ebss = .
                0x00000000200000f0                __bss_end__ = _ebss

._user_heap_stack
                0x00000000200000f0      0x600 load address 0x0000000008005908
                0x00000000200000f0                . = ALIGN (0x8)
                [!provide]                        PROVIDE (end = .)
                0x00000000200000f0                PROVIDE (_end = .)
                0x00000000200002f0                . = (. + _Min_Heap_Size)
 *fill*         0x00000000200000f0      0x200 
                0x00000000200006f0                . = (. + _Min_Stack_Size)
 *fill*         0x00000000200002f0      0x400 
                0x00000000200006f0                . = ALIGN (0x8)

/DISCARD/
 libc.a(*)
 libm.a(*)
 libgcc.a(*)

.ARM.attributes
                0x0000000000000000       0x30
 *(.ARM.attributes)
 .ARM.attributes
                0x0000000000000000       0x1e /Applications/STM32CubeIDE.app/Contents/Eclipse/plugins/com.st.stm32cube.ide.mcu.externaltools.gnu-tools-for-stm32.11.3.rel1.macos64_1.1.0.202305231506/tools/bin/../lib/gcc/arm-none-eabi/11.3.1/thumb/v7e-m+fp/hard/crti.o
 .ARM.attributes
                0x000000000000001e       0x34 /Applications/STM32CubeIDE.app/Contents/Eclipse/plugins/com.st.stm32cube.ide.mcu.externaltools.gnu-tools-for-stm32.11.3.rel1.macos64_1.1.0.202305231506/tools/bin/../lib/gcc/arm-none-eabi/11.3.1/thumb/v7e-m+fp/hard/crtbegin.o
 .ARM.attributes
                0x0000000000000052       0x34 ./Core/Src/main.o
 .ARM.attributes
                0x0000000000000086       0x34 ./Core/Src/stm32l4xx_hal_msp.o
 .ARM.attributes
                0x00000000000000ba       0x34 ./Core/Src/stm32l4xx_it.o
 .ARM.attributes
                0x00000000000000ee       0x34 ./Core/Src/system_stm32l4xx.o
 .ARM.attributes
                0x0000000000000122       0x21 ./Core/Startup/startup_stm32l412rbtx.o
 .ARM.attributes
                0x0000000000000143       0x34 ./Drivers/STM32L4xx_HAL_Driver/Src/stm32l4xx_hal.o
 .ARM.attributes
                0x0000000000000177       0x34 ./Drivers/STM32L4xx_HAL_Driver/Src/stm32l4xx_hal_cortex.o
 .ARM.attributes
                0x00000000000001ab       0x34 ./Drivers/STM32L4xx_HAL_Driver/Src/stm32l4xx_hal_gpio.o
 .ARM.attributes
                0x00000000000001df       0x34 ./Drivers/STM32L4xx_HAL_Driver/Src/stm32l4xx_hal_pwr_ex.o
 .ARM.attributes
                0x0000000000000213       0x34 ./Drivers/STM32L4xx_HAL_Driver/Src/stm32l4xx_hal_rcc.o
 .ARM.attributes
                0x0000000000000247       0x34 ./Drivers/STM32L4xx_HAL_Driver/Src/stm32l4xx_hal_spi.o
 .ARM.attributes
                0x000000000000027b       0x34 ./FATFS/App/fatfs.o
 .ARM.attributes
                0x00000000000002af       0x34 ./FATFS/Target/user_diskio.o
 .ARM.attributes
                0x00000000000002e3       0x34 ./FATFS/Target/user_diskio_spi.o
 .ARM.attributes
                0x0000000000000317       0x34 ./Middlewares/Third_Party/FatFs/src/diskio.o
 .ARM.attributes
                0x000000000000034b       0x34 ./Middlewares/Third_Party/FatFs/src/ff.o
 .ARM.attributes
                0x000000000000037f       0x34 ./Middlewares/Third_Party/FatFs/src/ff_gen_drv.o
 .ARM.attributes
                0x00000000000003b3       0x34 /Applications/STM32CubeIDE.app/Contents/Eclipse/plugins/com.st.stm32cube.ide.mcu.externaltools.gnu-tools-for-stm32.11.3.rel1.macos64_1.1.0.202305231506/tools/bin/../lib/gcc/arm-none-eabi/11.3.1/../../../../arm-none-eabi/lib/thumb/v7e-m+fp/hard/libc_nano.a(libc_a-memset.o)
 .ARM.attributes
                0x00000000000003e7       0x34 /Applications/STM32CubeIDE.app/Contents/Eclipse/plugins/com.st.stm32cube.ide.mcu.externaltools.gnu-tools-for-stm32.11.3.rel1.macos64_1.1.0.202305231506/tools/bin/../lib/gcc/arm-none-eabi/11.3.1/../../../../arm-none-eabi/lib/thumb/v7e-m+fp/hard/libc_nano.a(libc_a-init.o)
 .ARM.attributes
                0x000000000000041b       0x1e /Applications/STM32CubeIDE.app/Contents/Eclipse/plugins/com.st.stm32cube.ide.mcu.externaltools.gnu-tools-for-stm32.11.3.rel1.macos64_1.1.0.202305231506/tools/bin/../lib/gcc/arm-none-eabi/11.3.1/thumb/v7e-m+fp/hard/crtn.o
OUTPUT(PCB_SD.elf elf32-littlearm)
LOAD linker stubs
LOAD /Applications/STM32CubeIDE.app/Contents/Eclipse/plugins/com.st.stm32cube.ide.mcu.externaltools.gnu-tools-for-stm32.11.3.rel1.macos64_1.1.0.202305231506/tools/bin/../lib/gcc/arm-none-eabi/11.3.1/../../../../arm-none-eabi/lib/thumb/v7e-m+fp/hard/libc.a
LOAD /Applications/STM32CubeIDE.app/Contents/Eclipse/plugins/com.st.stm32cube.ide.mcu.externaltools.gnu-tools-for-stm32.11.3.rel1.macos64_1.1.0.202305231506/tools/bin/../lib/gcc/arm-none-eabi/11.3.1/../../../../arm-none-eabi/lib/thumb/v7e-m+fp/hard/libm.a
LOAD /Applications/STM32CubeIDE.app/Contents/Eclipse/plugins/com.st.stm32cube.ide.mcu.externaltools.gnu-tools-for-stm32.11.3.rel1.macos64_1.1.0.202305231506/tools/bin/../lib/gcc/arm-none-eabi/11.3.1/thumb/v7e-m+fp/hard/libgcc.a

.comment        0x0000000000000000       0x43
 .comment       0x0000000000000000       0x43 /Applications/STM32CubeIDE.app/Contents/Eclipse/plugins/com.st.stm32cube.ide.mcu.externaltools.gnu-tools-for-stm32.11.3.rel1.macos64_1.1.0.202305231506/tools/bin/../lib/gcc/arm-none-eabi/11.3.1/thumb/v7e-m+fp/hard/crtbegin.o
                                         0x44 (size before relaxing)
 .comment       0x0000000000000043       0x44 ./Core/Src/main.o
 .comment       0x0000000000000043       0x44 ./Core/Src/stm32l4xx_hal_msp.o
 .comment       0x0000000000000043       0x44 ./Core/Src/stm32l4xx_it.o
 .comment       0x0000000000000043       0x44 ./Core/Src/system_stm32l4xx.o
 .comment       0x0000000000000043       0x44 ./Drivers/STM32L4xx_HAL_Driver/Src/stm32l4xx_hal.o
 .comment       0x0000000000000043       0x44 ./Drivers/STM32L4xx_HAL_Driver/Src/stm32l4xx_hal_cortex.o
 .comment       0x0000000000000043       0x44 ./Drivers/STM32L4xx_HAL_Driver/Src/stm32l4xx_hal_gpio.o
 .comment       0x0000000000000043       0x44 ./Drivers/STM32L4xx_HAL_Driver/Src/stm32l4xx_hal_pwr_ex.o
 .comment       0x0000000000000043       0x44 ./Drivers/STM32L4xx_HAL_Driver/Src/stm32l4xx_hal_rcc.o
 .comment       0x0000000000000043       0x44 ./Drivers/STM32L4xx_HAL_Driver/Src/stm32l4xx_hal_spi.o
 .comment       0x0000000000000043       0x44 ./FATFS/App/fatfs.o
 .comment       0x0000000000000043       0x44 ./FATFS/Target/user_diskio.o
 .comment       0x0000000000000043       0x44 ./FATFS/Target/user_diskio_spi.o
 .comment       0x0000000000000043       0x44 ./Middlewares/Third_Party/FatFs/src/diskio.o
 .comment       0x0000000000000043       0x44 ./Middlewares/Third_Party/FatFs/src/ff.o
 .comment       0x0000000000000043       0x44 ./Middlewares/Third_Party/FatFs/src/ff_gen_drv.o

.debug_info     0x0000000000000000     0xa725
 .debug_info    0x0000000000000000     0x1040 ./Core/Src/main.o
 .debug_info    0x0000000000001040      0x947 ./Core/Src/stm32l4xx_hal_msp.o
 .debug_info    0x0000000000001987      0x113 ./Core/Src/stm32l4xx_it.o
 .debug_info    0x0000000000001a9a      0x5bf ./Core/Src/system_stm32l4xx.o
 .debug_info    0x0000000000002059       0x23 ./Core/Startup/startup_stm32l412rbtx.o
 .debug_info    0x000000000000207c      0x984 ./Drivers/STM32L4xx_HAL_Driver/Src/stm32l4xx_hal.o
 .debug_info    0x0000000000002a00      0xcb6 ./Drivers/STM32L4xx_HAL_Driver/Src/stm32l4xx_hal_cortex.o
 .debug_info    0x00000000000036b6      0x757 ./Drivers/STM32L4xx_HAL_Driver/Src/stm32l4xx_hal_gpio.o
 .debug_info    0x0000000000003e0d      0x968 ./Drivers/STM32L4xx_HAL_Driver/Src/stm32l4xx_hal_pwr_ex.o
 .debug_info    0x0000000000004775      0xbe0 ./Drivers/STM32L4xx_HAL_Driver/Src/stm32l4xx_hal_rcc.o
 .debug_info    0x0000000000005355     0x161a ./Drivers/STM32L4xx_HAL_Driver/Src/stm32l4xx_hal_spi.o
 .debug_info    0x000000000000696f      0x4d9 ./FATFS/App/fatfs.o
 .debug_info    0x0000000000006e48      0x3aa ./FATFS/Target/user_diskio.o
 .debug_info    0x00000000000071f2      0xbf8 ./FATFS/Target/user_diskio_spi.o
 .debug_info    0x0000000000007dea      0x3df ./Middlewares/Third_Party/FatFs/src/diskio.o
 .debug_info    0x00000000000081c9     0x21dd ./Middlewares/Third_Party/FatFs/src/ff.o
 .debug_info    0x000000000000a3a6      0x37f ./Middlewares/Third_Party/FatFs/src/ff_gen_drv.o

.debug_abbrev   0x0000000000000000     0x1fe0
 .debug_abbrev  0x0000000000000000      0x2b9 ./Core/Src/main.o
 .debug_abbrev  0x00000000000002b9      0x1a7 ./Core/Src/stm32l4xx_hal_msp.o
 .debug_abbrev  0x0000000000000460       0x73 ./Core/Src/stm32l4xx_it.o
 .debug_abbrev  0x00000000000004d3      0x11a ./Core/Src/system_stm32l4xx.o
 .debug_abbrev  0x00000000000005ed       0x12 ./Core/Startup/startup_stm32l412rbtx.o
 .debug_abbrev  0x00000000000005ff      0x256 ./Drivers/STM32L4xx_HAL_Driver/Src/stm32l4xx_hal.o
 .debug_abbrev  0x0000000000000855      0x327 ./Drivers/STM32L4xx_HAL_Driver/Src/stm32l4xx_hal_cortex.o
 .debug_abbrev  0x0000000000000b7c      0x1cb ./Drivers/STM32L4xx_HAL_Driver/Src/stm32l4xx_hal_gpio.o
 .debug_abbrev  0x0000000000000d47      0x1f9 ./Drivers/STM32L4xx_HAL_Driver/Src/stm32l4xx_hal_pwr_ex.o
 .debug_abbrev  0x0000000000000f40      0x2d6 ./Drivers/STM32L4xx_HAL_Driver/Src/stm32l4xx_hal_rcc.o
 .debug_abbrev  0x0000000000001216      0x26a ./Drivers/STM32L4xx_HAL_Driver/Src/stm32l4xx_hal_spi.o
 .debug_abbrev  0x0000000000001480      0x160 ./FATFS/App/fatfs.o
 .debug_abbrev  0x00000000000015e0      0x143 ./FATFS/Target/user_diskio.o
 .debug_abbrev  0x0000000000001723      0x31b ./FATFS/Target/user_diskio_spi.o
 .debug_abbrev  0x0000000000001a3e      0x181 ./Middlewares/Third_Party/FatFs/src/diskio.o
 .debug_abbrev  0x0000000000001bbf      0x282 ./Middlewares/Third_Party/FatFs/src/ff.o
 .debug_abbrev  0x0000000000001e41      0x19f ./Middlewares/Third_Party/FatFs/src/ff_gen_drv.o

.debug_aranges  0x0000000000000000      0xad8
 .debug_aranges
                0x0000000000000000       0x40 ./Core/Src/main.o
 .debug_aranges
                0x0000000000000040       0x30 ./Core/Src/stm32l4xx_hal_msp.o
 .debug_aranges
                0x0000000000000070       0x60 ./Core/Src/stm32l4xx_it.o
 .debug_aranges
                0x00000000000000d0       0x28 ./Core/Src/system_stm32l4xx.o
 .debug_aranges
                0x00000000000000f8       0x28 ./Core/Startup/startup_stm32l412rbtx.o
 .debug_aranges
                0x0000000000000120      0x108 ./Drivers/STM32L4xx_HAL_Driver/Src/stm32l4xx_hal.o
 .debug_aranges
                0x0000000000000228      0x118 ./Drivers/STM32L4xx_HAL_Driver/Src/stm32l4xx_hal_cortex.o
 .debug_aranges
                0x0000000000000340       0x58 ./Drivers/STM32L4xx_HAL_Driver/Src/stm32l4xx_hal_gpio.o
 .debug_aranges
                0x0000000000000398      0x148 ./Drivers/STM32L4xx_HAL_Driver/Src/stm32l4xx_hal_pwr_ex.o
 .debug_aranges
                0x00000000000004e0       0x90 ./Drivers/STM32L4xx_HAL_Driver/Src/stm32l4xx_hal_rcc.o
 .debug_aranges
                0x0000000000000570      0x1d8 ./Drivers/STM32L4xx_HAL_Driver/Src/stm32l4xx_hal_spi.o
 .debug_aranges
                0x0000000000000748       0x28 ./FATFS/App/fatfs.o
 .debug_aranges
                0x0000000000000770       0x40 ./FATFS/Target/user_diskio.o
 .debug_aranges
                0x00000000000007b0       0x98 ./FATFS/Target/user_diskio_spi.o
 .debug_aranges
                0x0000000000000848       0x48 ./Middlewares/Third_Party/FatFs/src/diskio.o
 .debug_aranges
                0x0000000000000890      0x208 ./Middlewares/Third_Party/FatFs/src/ff.o
 .debug_aranges
                0x0000000000000a98       0x40 ./Middlewares/Third_Party/FatFs/src/ff_gen_drv.o

.debug_rnglists
                0x0000000000000000      0x822
 .debug_rnglists
                0x0000000000000000       0x2d ./Core/Src/main.o
 .debug_rnglists
                0x000000000000002d       0x20 ./Core/Src/stm32l4xx_hal_msp.o
 .debug_rnglists
                0x000000000000004d       0x43 ./Core/Src/stm32l4xx_it.o
 .debug_rnglists
                0x0000000000000090       0x1a ./Core/Src/system_stm32l4xx.o
 .debug_rnglists
                0x00000000000000aa       0x19 ./Core/Startup/startup_stm32l412rbtx.o
 .debug_rnglists
                0x00000000000000c3       0xc1 ./Drivers/STM32L4xx_HAL_Driver/Src/stm32l4xx_hal.o
 .debug_rnglists
                0x0000000000000184       0xce ./Drivers/STM32L4xx_HAL_Driver/Src/stm32l4xx_hal_cortex.o
 .debug_rnglists
                0x0000000000000252       0x3f ./Drivers/STM32L4xx_HAL_Driver/Src/stm32l4xx_hal_gpio.o
 .debug_rnglists
                0x0000000000000291       0xf7 ./Drivers/STM32L4xx_HAL_Driver/Src/stm32l4xx_hal_pwr_ex.o
 .debug_rnglists
                0x0000000000000388       0x6d ./Drivers/STM32L4xx_HAL_Driver/Src/stm32l4xx_hal_rcc.o
 .debug_rnglists
                0x00000000000003f5      0x178 ./Drivers/STM32L4xx_HAL_Driver/Src/stm32l4xx_hal_spi.o
 .debug_rnglists
                0x000000000000056d       0x19 ./FATFS/App/fatfs.o
 .debug_rnglists
                0x0000000000000586       0x2b ./FATFS/Target/user_diskio.o
 .debug_rnglists
                0x00000000000005b1       0x72 ./FATFS/Target/user_diskio_spi.o
 .debug_rnglists
                0x0000000000000623       0x31 ./Middlewares/Third_Party/FatFs/src/diskio.o
 .debug_rnglists
                0x0000000000000654      0x1a2 ./Middlewares/Third_Party/FatFs/src/ff.o
 .debug_rnglists
                0x00000000000007f6       0x2c ./Middlewares/Third_Party/FatFs/src/ff_gen_drv.o

.debug_macro    0x0000000000000000    0x1a7b0
 .debug_macro   0x0000000000000000      0x347 ./Core/Src/main.o
 .debug_macro   0x0000000000000347      0xaa8 ./Core/Src/main.o
 .debug_macro   0x0000000000000def      0x1a1 ./Core/Src/main.o
 .debug_macro   0x0000000000000f90       0x2e ./Core/Src/main.o
 .debug_macro   0x0000000000000fbe       0x28 ./Core/Src/main.o
 .debug_macro   0x0000000000000fe6       0x22 ./Core/Src/main.o
 .debug_macro   0x0000000000001008       0x8e ./Core/Src/main.o
 .debug_macro   0x0000000000001096       0x51 ./Core/Src/main.o
 .debug_macro   0x00000000000010e7      0x103 ./Core/Src/main.o
 .debug_macro   0x00000000000011ea       0x6a ./Core/Src/main.o
 .debug_macro   0x0000000000001254      0x1df ./Core/Src/main.o
 .debug_macro   0x0000000000001433       0x1c ./Core/Src/main.o
 .debug_macro   0x000000000000144f       0x22 ./Core/Src/main.o
 .debug_macro   0x0000000000001471       0xfb ./Core/Src/main.o
 .debug_macro   0x000000000000156c     0x1011 ./Core/Src/main.o
 .debug_macro   0x000000000000257d      0x11f ./Core/Src/main.o
 .debug_macro   0x000000000000269c     0xe4b1 ./Core/Src/main.o
 .debug_macro   0x0000000000010b4d       0x6d ./Core/Src/main.o
 .debug_macro   0x0000000000010bba     0x38df ./Core/Src/main.o
 .debug_macro   0x0000000000014499      0x174 ./Core/Src/main.o
 .debug_macro   0x000000000001460d       0x5c ./Core/Src/main.o
 .debug_macro   0x0000000000014669     0x105e ./Core/Src/main.o
 .debug_macro   0x00000000000156c7      0x49b ./Core/Src/main.o
 .debug_macro   0x0000000000015b62      0x1b9 ./Core/Src/main.o
 .debug_macro   0x0000000000015d1b       0xd7 ./Core/Src/main.o
 .debug_macro   0x0000000000015df2      0x26b ./Core/Src/main.o
 .debug_macro   0x000000000001605d      0x23d ./Core/Src/main.o
 .debug_macro   0x000000000001629a      0x21c ./Core/Src/main.o
 .debug_macro   0x00000000000164b6      0x375 ./Core/Src/main.o
 .debug_macro   0x000000000001682b       0xd6 ./Core/Src/main.o
 .debug_macro   0x0000000000016901      0x122 ./Core/Src/main.o
 .debug_macro   0x0000000000016a23      0x364 ./Core/Src/main.o
 .debug_macro   0x0000000000016d87      0x2fe ./Core/Src/main.o
 .debug_macro   0x0000000000017085      0x220 ./Core/Src/main.o
 .debug_macro   0x00000000000172a5       0x2e ./Core/Src/main.o
 .debug_macro   0x00000000000172d3       0xeb ./Core/Src/main.o
 .debug_macro   0x00000000000173be       0x2a ./Core/Src/main.o
 .debug_macro   0x00000000000173e8       0x61 ./Core/Src/main.o
 .debug_macro   0x0000000000017449       0x43 ./Core/Src/main.o
 .debug_macro   0x000000000001748c       0x34 ./Core/Src/main.o
 .debug_macro   0x00000000000174c0       0x16 ./Core/Src/main.o
 .debug_macro   0x00000000000174d6       0x35 ./Core/Src/main.o
 .debug_macro   0x000000000001750b       0x16 ./Core/Src/main.o
 .debug_macro   0x0000000000017521       0x43 ./Core/Src/main.o
 .debug_macro   0x0000000000017564       0x34 ./Core/Src/main.o
 .debug_macro   0x0000000000017598       0x10 ./Core/Src/main.o
 .debug_macro   0x00000000000175a8       0x58 ./Core/Src/main.o
 .debug_macro   0x0000000000017600       0x8e ./Core/Src/main.o
 .debug_macro   0x000000000001768e       0x1c ./Core/Src/main.o
 .debug_macro   0x00000000000176aa      0x177 ./Core/Src/main.o
 .debug_macro   0x0000000000017821      0x369 ./Core/Src/main.o
 .debug_macro   0x0000000000017b8a       0x16 ./Core/Src/main.o
 .debug_macro   0x0000000000017ba0       0x29 ./Core/Src/main.o
 .debug_macro   0x0000000000017bc9       0x12 ./Core/Src/main.o
 .debug_macro   0x0000000000017bdb       0xe2 ./Core/Src/main.o
 .debug_macro   0x0000000000017cbd       0x8e ./Core/Src/main.o
 .debug_macro   0x0000000000017d4b       0x1c ./Core/Src/main.o
 .debug_macro   0x0000000000017d67       0x10 ./Core/Src/main.o
 .debug_macro   0x0000000000017d77       0x1c ./Core/Src/main.o
 .debug_macro   0x0000000000017d93       0x16 ./Core/Src/main.o
 .debug_macro   0x0000000000017da9      0x147 ./Core/Src/main.o
 .debug_macro   0x0000000000017ef0       0x16 ./Core/Src/main.o
 .debug_macro   0x0000000000017f06       0x20 ./Core/Src/main.o
 .debug_macro   0x0000000000017f26       0x4c ./Core/Src/main.o
 .debug_macro   0x0000000000017f72      0x1bb ./Core/Src/stm32l4xx_hal_msp.o
 .debug_macro   0x000000000001812d      0x1c5 ./Core/Src/stm32l4xx_it.o
 .debug_macro   0x00000000000182f2      0x1ac ./Core/Src/system_stm32l4xx.o
 .debug_macro   0x000000000001849e      0x1f4 ./Drivers/STM32L4xx_HAL_Driver/Src/stm32l4xx_hal.o
 .debug_macro   0x0000000000018692      0x1ac ./Drivers/STM32L4xx_HAL_Driver/Src/stm32l4xx_hal_cortex.o
 .debug_macro   0x000000000001883e      0x1b3 ./Drivers/STM32L4xx_HAL_Driver/Src/stm32l4xx_hal_gpio.o
 .debug_macro   0x00000000000189f1      0x1d0 ./Drivers/STM32L4xx_HAL_Driver/Src/stm32l4xx_hal_pwr_ex.o
 .debug_macro   0x0000000000018bc1      0x1ee ./Drivers/STM32L4xx_HAL_Driver/Src/stm32l4xx_hal_rcc.o
 .debug_macro   0x0000000000018daf      0x1b4 ./Drivers/STM32L4xx_HAL_Driver/Src/stm32l4xx_hal_spi.o
 .debug_macro   0x0000000000018f63      0x2e0 ./FATFS/App/fatfs.o
 .debug_macro   0x0000000000019243       0xe5 ./FATFS/App/fatfs.o
 .debug_macro   0x0000000000019328      0x30f ./FATFS/Target/user_diskio.o
 .debug_macro   0x0000000000019637       0x10 ./FATFS/Target/user_diskio.o
 .debug_macro   0x0000000000019647       0x16 ./FATFS/Target/user_diskio.o
 .debug_macro   0x000000000001965d       0x7c ./FATFS/Target/user_diskio.o
 .debug_macro   0x00000000000196d9       0x56 ./FATFS/Target/user_diskio.o
 .debug_macro   0x000000000001972f      0x387 ./FATFS/Target/user_diskio_spi.o
 .debug_macro   0x0000000000019ab6       0x34 ./FATFS/Target/user_diskio_spi.o
 .debug_macro   0x0000000000019aea      0x2cd ./Middlewares/Third_Party/FatFs/src/diskio.o
 .debug_macro   0x0000000000019db7      0x6d4 ./Middlewares/Third_Party/FatFs/src/ff.o
 .debug_macro   0x000000000001a48b       0x58 ./Middlewares/Third_Party/FatFs/src/ff.o
 .debug_macro   0x000000000001a4e3      0x2cd ./Middlewares/Third_Party/FatFs/src/ff_gen_drv.o

.debug_line     0x0000000000000000     0xe300
 .debug_line    0x0000000000000000      0xa28 ./Core/Src/main.o
 .debug_line    0x0000000000000a28      0x6f7 ./Core/Src/stm32l4xx_hal_msp.o
 .debug_line    0x000000000000111f      0x76c ./Core/Src/stm32l4xx_it.o
 .debug_line    0x000000000000188b      0x741 ./Core/Src/system_stm32l4xx.o
 .debug_line    0x0000000000001fcc       0x7a ./Core/Startup/startup_stm32l412rbtx.o
 .debug_line    0x0000000000002046      0xa06 ./Drivers/STM32L4xx_HAL_Driver/Src/stm32l4xx_hal.o
 .debug_line    0x0000000000002a4c      0xc40 ./Drivers/STM32L4xx_HAL_Driver/Src/stm32l4xx_hal_cortex.o
 .debug_line    0x000000000000368c      0xaa4 ./Drivers/STM32L4xx_HAL_Driver/Src/stm32l4xx_hal_gpio.o
 .debug_line    0x0000000000004130      0xc02 ./Drivers/STM32L4xx_HAL_Driver/Src/stm32l4xx_hal_pwr_ex.o
 .debug_line    0x0000000000004d32      0xf9b ./Drivers/STM32L4xx_HAL_Driver/Src/stm32l4xx_hal_rcc.o
 .debug_line    0x0000000000005ccd     0x1f06 ./Drivers/STM32L4xx_HAL_Driver/Src/stm32l4xx_hal_spi.o
 .debug_line    0x0000000000007bd3      0x89c ./FATFS/App/fatfs.o
 .debug_line    0x000000000000846f      0x907 ./FATFS/Target/user_diskio.o
 .debug_line    0x0000000000008d76      0xf58 ./FATFS/Target/user_diskio_spi.o
 .debug_line    0x0000000000009cce      0x90b ./Middlewares/Third_Party/FatFs/src/diskio.o
 .debug_line    0x000000000000a5d9     0x33fe ./Middlewares/Third_Party/FatFs/src/ff.o
 .debug_line    0x000000000000d9d7      0x929 ./Middlewares/Third_Party/FatFs/src/ff_gen_drv.o

.debug_str      0x0000000000000000    0x9d11a
 .debug_str     0x0000000000000000    0x99df5 ./Core/Src/main.o
                                      0x9a192 (size before relaxing)
 .debug_str     0x0000000000099df5       0x63 ./Core/Src/stm32l4xx_hal_msp.o
                                      0x95d21 (size before relaxing)
 .debug_str     0x0000000000099e58       0xc9 ./Core/Src/stm32l4xx_it.o
                                      0x957be (size before relaxing)
 .debug_str     0x0000000000099f21       0xf2 ./Core/Src/system_stm32l4xx.o
                                      0x958b0 (size before relaxing)
 .debug_str     0x000000000009a013       0x34 ./Core/Startup/startup_stm32l412rbtx.o
                                         0x76 (size before relaxing)
 .debug_str     0x000000000009a047      0x8cd ./Drivers/STM32L4xx_HAL_Driver/Src/stm32l4xx_hal.o
                                      0x9620a (size before relaxing)
 .debug_str     0x000000000009a914      0x344 ./Drivers/STM32L4xx_HAL_Driver/Src/stm32l4xx_hal_cortex.o
                                      0x95fad (size before relaxing)
 .debug_str     0x000000000009ac58      0x123 ./Drivers/STM32L4xx_HAL_Driver/Src/stm32l4xx_hal_gpio.o
                                      0x95a24 (size before relaxing)
 .debug_str     0x000000000009ad7b      0x4c0 ./Drivers/STM32L4xx_HAL_Driver/Src/stm32l4xx_hal_pwr_ex.o
                                      0x95dcc (size before relaxing)
 .debug_str     0x000000000009b23b      0x396 ./Drivers/STM32L4xx_HAL_Driver/Src/stm32l4xx_hal_rcc.o
                                      0x95ebc (size before relaxing)
 .debug_str     0x000000000009b5d1      0x5bd ./Drivers/STM32L4xx_HAL_Driver/Src/stm32l4xx_hal_spi.o
                                      0x960d0 (size before relaxing)
 .debug_str     0x000000000009bb8e       0xf1 ./FATFS/App/fatfs.o
                                      0x990ce (size before relaxing)
 .debug_str     0x000000000009bc7f       0xcf ./FATFS/Target/user_diskio.o
                                      0x990b0 (size before relaxing)
 .debug_str     0x000000000009bd4e      0x3b7 ./FATFS/Target/user_diskio_spi.o
                                      0x9982d (size before relaxing)
 .debug_str     0x000000000009c105       0x52 ./Middlewares/Third_Party/FatFs/src/diskio.o
                                      0x98fdd (size before relaxing)
 .debug_str     0x000000000009c157      0xf32 ./Middlewares/Third_Party/FatFs/src/ff.o
                                      0x9a240 (size before relaxing)
 .debug_str     0x000000000009d089       0x91 ./Middlewares/Third_Party/FatFs/src/ff_gen_drv.o
                                      0x9902e (size before relaxing)

.debug_frame    0x0000000000000000     0x2a90
 .debug_frame   0x0000000000000000       0xb0 ./Core/Src/main.o
 .debug_frame   0x00000000000000b0       0x80 ./Core/Src/stm32l4xx_hal_msp.o
 .debug_frame   0x0000000000000130      0x104 ./Core/Src/stm32l4xx_it.o
 .debug_frame   0x0000000000000234       0x58 ./Core/Src/system_stm32l4xx.o
 .debug_frame   0x000000000000028c      0x3dc ./Drivers/STM32L4xx_HAL_Driver/Src/stm32l4xx_hal.o
 .debug_frame   0x0000000000000668      0x498 ./Drivers/STM32L4xx_HAL_Driver/Src/stm32l4xx_hal_cortex.o
 .debug_frame   0x0000000000000b00      0x14c ./Drivers/STM32L4xx_HAL_Driver/Src/stm32l4xx_hal_gpio.o
 .debug_frame   0x0000000000000c4c      0x524 ./Drivers/STM32L4xx_HAL_Driver/Src/stm32l4xx_hal_pwr_ex.o
 .debug_frame   0x0000000000001170      0x21c ./Drivers/STM32L4xx_HAL_Driver/Src/stm32l4xx_hal_rcc.o
 .debug_frame   0x000000000000138c      0x860 ./Drivers/STM32L4xx_HAL_Driver/Src/stm32l4xx_hal_spi.o
 .debug_frame   0x0000000000001bec       0x4c ./FATFS/App/fatfs.o
 .debug_frame   0x0000000000001c38       0xc4 ./FATFS/Target/user_diskio.o
 .debug_frame   0x0000000000001cfc      0x248 ./FATFS/Target/user_diskio_spi.o
 .debug_frame   0x0000000000001f44       0xec ./Middlewares/Third_Party/FatFs/src/diskio.o
 .debug_frame   0x0000000000002030      0x94c ./Middlewares/Third_Party/FatFs/src/ff.o
 .debug_frame   0x000000000000297c       0xc8 ./Middlewares/Third_Party/FatFs/src/ff_gen_drv.o
 .debug_frame   0x0000000000002a44       0x20 /Applications/STM32CubeIDE.app/Contents/Eclipse/plugins/com.st.stm32cube.ide.mcu.externaltools.gnu-tools-for-stm32.11.3.rel1.macos64_1.1.0.202305231506/tools/bin/../lib/gcc/arm-none-eabi/11.3.1/../../../../arm-none-eabi/lib/thumb/v7e-m+fp/hard/libc_nano.a(libc_a-memset.o)
 .debug_frame   0x0000000000002a64       0x2c /Applications/STM32CubeIDE.app/Contents/Eclipse/plugins/com.st.stm32cube.ide.mcu.externaltools.gnu-tools-for-stm32.11.3.rel1.macos64_1.1.0.202305231506/tools/bin/../lib/gcc/arm-none-eabi/11.3.1/../../../../arm-none-eabi/lib/thumb/v7e-m+fp/hard/libc_nano.a(libc_a-init.o)

.debug_line_str
                0x0000000000000000       0x6a
 .debug_line_str
                0x0000000000000000       0x6a ./Core/Startup/startup_stm32l412rbtx.o
                                         0x82 (size before relaxing)
