../Core/Src/main.c:91:8:get_lat	288	static
../Core/Src/main.c:116:8:get_lon	288	static
../Core/Src/main.c:141:8:get_alt	288	static
../Core/Src/main.c:166:6:HAL_UART_RxCpltCallback	16	static
../Core/Src/main.c:197:5:main	1000	static
../Core/Src/main.c:334:6:SystemClock_Config	96	static
../Core/Src/main.c:384:13:MX_I2C1_Init	8	static
../Core/Src/main.c:432:13:MX_I2C3_Init	8	static
../Core/Src/main.c:480:13:MX_USART2_UART_Init	8	static
../Core/Src/main.c:515:13:MX_GPIO_Init	48	static
../Core/Src/main.c:571:6:Error_Handler	4	static,ignoring_inline_asm
