../Core/Src/main.c:93:8:get_lat	288	static
../Core/Src/main.c:118:8:get_lon	288	static
../Core/Src/main.c:143:8:get_alt	288	static
../Core/Src/main.c:168:6:HAL_UART_RxCpltCallback	16	static
../Core/Src/main.c:199:5:main	1600	static
../Core/Src/main.c:348:6:SystemClock_Config	96	static
../Core/Src/main.c:398:13:MX_I2C1_Init	8	static
../Core/Src/main.c:446:13:MX_I2C3_Init	8	static
../Core/Src/main.c:494:13:MX_USART2_UART_Init	8	static
../Core/Src/main.c:529:13:MX_GPIO_Init	48	static
../Core/Src/main.c:585:6:Error_Handler	4	static,ignoring_inline_asm
