../Core/Src/main.c:93:8:get_lat	288	static
../Core/Src/main.c:118:8:get_lon	288	static
../Core/Src/main.c:143:8:get_alt	288	static
../Core/Src/main.c:168:6:HAL_UART_RxCpltCallback	16	static
../Core/Src/main.c:200:5:main	1912	static
../Core/Src/main.c:358:6:SystemClock_Config	96	static
../Core/Src/main.c:406:13:MX_I2C1_Init	8	static
../Core/Src/main.c:454:13:MX_I2C2_Init	8	static
../Core/Src/main.c:502:13:MX_USART1_UART_Init	8	static
../Core/Src/main.c:539:13:MX_GPIO_Init	40	static
../Core/Src/main.c:572:6:Error_Handler	4	static,ignoring_inline_asm
